Microchip MPLAB XC8 Compiler V2.36

Linker command line:

-W-3 --edf=C:\Program Files\Microchip\xc8\v2.36\pic\dat\en_msgs.txt \
  -pivt0x8=08h -cn -h+dist/default/production\mcp4728.X.production.sym \
  --cmf=dist/default/production\mcp4728.X.production.cmf -z -Q18F47Q43 \
  -oC:\Users\hayde\AppData\Local\Temp\xcAsahc.4 --defsym=__MPLAB_BUILD=1 \
  -Mdist/default/production/mcp4728.X.production.map \
  --md=C:\Users\hayde\AppData\Local\Temp\xcAsahc.dat -E1 -ver=XC8 Compiler \
  --acfsm=1493 -ACODE=00h-01FFFFh -ACONST=00h-01FFFFh \
  -ASMALLCONST=02500h-025FFhx475 \
  -AMEDIUMCONST=02500h-0FFFFh,012500h-01FFFFh -ACOMRAM=0501h-055Fh \
  -AABS1=0500h-024FFh -ABIGRAM=0501h-024FFh \
  -ARAM=0560h-05FFh,0600h-06FFhx31 -ABANK5=0560h-05FFh -ABANK6=0600h-06FFh \
  -ABANK7=0700h-07FFh -ABANK8=0800h-08FFh -ABANK9=0900h-09FFh \
  -ABANK10=0A00h-0AFFh -ABANK11=0B00h-0BFFh -ABANK12=0C00h-0CFFh \
  -ABANK13=0D00h-0DFFh -ABANK14=0E00h-0EFFh -ABANK15=0F00h-0FFFh \
  -ABANK16=01000h-010FFh -ABANK17=01100h-011FFh -ABANK18=01200h-012FFh \
  -ABANK19=01300h-013FFh -ABANK20=01400h-014FFh -ABANK21=01500h-015FFh \
  -ABANK22=01600h-016FFh -ABANK23=01700h-017FFh -ABANK24=01800h-018FFh \
  -ABANK25=01900h-019FFh -ABANK26=01A00h-01AFFh -ABANK27=01B00h-01BFFh \
  -ABANK28=01C00h-01CFFh -ABANK29=01D00h-01DFFh -ABANK30=01E00h-01EFFh \
  -ABANK31=01F00h-01FFFh -ABANK32=02000h-020FFh -ABANK33=02100h-021FFh \
  -ABANK34=02200h-022FFh -ABANK35=02300h-023FFh -ABANK36=02400h-024FFh \
  -ASFR=00h-0FFhx4,0400h-045Fh,0460h-04FFh,02500h-025FFh \
  -ABIGSFR=00h-04FFh,02500h-025FFh -ACONFIG=0300000h-0300011h \
  -AIDLOC=0200000h-020003Fh -AEEDATA=0380000h-03803FFh -peeprom_data=EEDATA \
  -preset_vec=00h -ppowerup=CODE,init -pramtop=02500h \
  -psmallconst=SMALLCONST -pmediumconst=MEDIUMCONST -pconst=CONST \
  -AFARRAM=00h-00h \
  -prdata=COMRAM,nvrram=COMRAM,nvbit=COMRAM,rbss=COMRAM,rbit=COMRAM \
  -pfarbss=FARRAM,fardata=FARRAM,nvFARRAM=FARRAM \
  -pintsave_regs=BIGRAM,bigbss=BIGRAM,bigdata=BIGRAM -pbss=RAM \
  -pidata=CODE,irdata=CODE,ibigdata=CODE,ifardata=CODE -prparam=COMRAM \
  C:\Users\hayde\AppData\Local\Temp\xcAsahc.o \
  dist/default/production\mcp4728.X.production.o 

Object code version is 3.11

Machine type is 18F47Q43



                Name                               Link     Load   Length Selector   Space Scale
C:\Users\hayde\AppData\Local\Temp\xcAsahc.o
                idloc                            200000   200000       40        0       5
                config                           300000   300000        A        0       4
                init                                 1A       1A        4        4       0
                reset_vec                             0        0        4        0       0
dist/default/production\mcp4728.X.production.o
                idloc                            200000   200000       40        0       5
                config                           300000   300000        A        0       4
                smallconst                         2500     2500       20     1280       0
                ivt0x8                                8        8       12        4       0
                text38                             2B10     2B10        A     1290       0
                text37                             2B06     2B06        A     1290       0
                text36                             2B1A     2B1A        8     1290       0
                text35                             2A8C     2A8C       14     1290       0
                text34                             2A78     2A78       14     1290       0
                text33                             28BE     28BE       36     1290       0
                text32                             2B3C     2B3C        2     1290       0
                text31                             2A4E     2A4E       16     1290       0
                text30                             2A38     2A38       16     1290       0
                text29                             2A22     2A22       16     1290       0
                text28                             2A0C     2A0C       16     1290       0
                text27                             29F6     29F6       16     1290       0
                text26                             2B34     2B34        6     1290       0
                text25                             2AFC     2AFC        A     1290       0
                text24                             2AF2     2AF2        A     1290       0
                text23                             2B2E     2B2E        6     1290       0
                text22                             2942     2942       26     1290       0
                text21                             2520     2520       E0     1290       0
                text20                             28F4     28F4       28     1290       0
                text19                             2AE8     2AE8        A     1290       0
                text18                             2B28     2B28        6     1290       0
                text17                             291C     291C       26     1290       0
                text16                             2796     2796       90     1290       0
                text15                             2B22     2B22        6     1290       0
                text14                             29DE     29DE       18     1290       0
                text13                             29C6     29C6       18     1290       0
                text12                             2B3A     2B3A        2     1290       0
                text11                             26CC     26CC       CA     1290       0
                text10                             29AA     29AA       1C     1290       0
                text9                              2968     2968       22     1290       0
                text8                              2A64     2A64       14     1290       0
                text7                              2826     2826       58     1290       0
                text6                              2ACE     2ACE        E     1290       0
                text5                              2AC0     2AC0        E     1290       0
                text4                              2AB2     2AB2        E     1290       0
                text3                              287E     287E       40     1290       0
                text2                              2600     2600       CC     1290       0
                text1                              2AA0     2AA0       12     1290       0
                text0                              2ADC     2ADC        C     1290       0
                cstackCOMRAM                        51A      51A        6      501       1
                bssCOMRAM                           501      501       19      501       1
                cinit                              298A     298A       20     1290       0

TOTAL           Name                               Link     Load   Length     Space
        CLASS   CODE           
                init                                 1A       1A        4         0
                reset_vec                             0        0        4         0
                ivt0x8                                8        8       12         0
                text38                             2B10     2B10        A         0
                text37                             2B06     2B06        A         0
                text36                             2B1A     2B1A        8         0
                text35                             2A8C     2A8C       14         0
                text34                             2A78     2A78       14         0
                text33                             28BE     28BE       36         0
                text32                             2B3C     2B3C        2         0
                text31                             2A4E     2A4E       16         0
                text30                             2A38     2A38       16         0
                text29                             2A22     2A22       16         0
                text28                             2A0C     2A0C       16         0
                text27                             29F6     29F6       16         0
                text26                             2B34     2B34        6         0
                text25                             2AFC     2AFC        A         0
                text24                             2AF2     2AF2        A         0
                text23                             2B2E     2B2E        6         0
                text22                             2942     2942       26         0
                text21                             2520     2520       E0         0
                text20                             28F4     28F4       28         0
                text19                             2AE8     2AE8        A         0
                text18                             2B28     2B28        6         0
                text17                             291C     291C       26         0
                text16                             2796     2796       90         0
                text15                             2B22     2B22        6         0
                text14                             29DE     29DE       18         0
                text13                             29C6     29C6       18         0
                text12                             2B3A     2B3A        2         0
                text11                             26CC     26CC       CA         0
                text10                             29AA     29AA       1C         0
                text9                              2968     2968       22         0
                text8                              2A64     2A64       14         0
                text7                              2826     2826       58         0
                text6                              2ACE     2ACE        E         0
                text5                              2AC0     2AC0        E         0
                text4                              2AB2     2AB2        E         0
                text3                              287E     287E       40         0
                text2                              2600     2600       CC         0
                text1                              2AA0     2AA0       12         0
                text0                              2ADC     2ADC        C         0
                cinit                              298A     298A       20         0

        CLASS   CONST          

        CLASS   SMALLCONST     
                smallconst                         2500     2500       20         0

        CLASS   MEDIUMCONST    

        CLASS   COMRAM         
                cstackCOMRAM                        51A      51A        6         1
                bssCOMRAM                           501      501       19         1

        CLASS   ABS1           

        CLASS   BIGRAM         

        CLASS   RAM            

        CLASS   BANK5          

        CLASS   BANK6          

        CLASS   BANK7          

        CLASS   BANK8          

        CLASS   BANK9          

        CLASS   BANK10         

        CLASS   BANK11         

        CLASS   BANK12         

        CLASS   BANK13         

        CLASS   BANK14         

        CLASS   BANK15         

        CLASS   BANK16         

        CLASS   BANK17         

        CLASS   BANK18         

        CLASS   BANK19         

        CLASS   BANK20         

        CLASS   BANK21         

        CLASS   BANK22         

        CLASS   BANK23         

        CLASS   BANK24         

        CLASS   BANK25         

        CLASS   BANK26         

        CLASS   BANK27         

        CLASS   BANK28         

        CLASS   BANK29         

        CLASS   BANK30         

        CLASS   BANK31         

        CLASS   BANK32         

        CLASS   BANK33         

        CLASS   BANK34         

        CLASS   BANK35         

        CLASS   BANK36         

        CLASS   SFR            

        CLASS   BIGSFR         

        CLASS   CONFIG         
                config                           300000   300000        A         4

        CLASS   IDLOC          
                idloc                            200000   200000       40         5

        CLASS   EEDATA         

        CLASS   FARRAM         

        CLASS   HEAP           

        CLASS   STACK          



SEGMENTS        Name                           Load    Length   Top    Selector   Space  Class

                reset_vec                      000000  000004  000004         0       0  CODE    
                ivt0x8                         000008  000016  00001E         4       0  CODE    
                bssCOMRAM                      000501  00001F  000520       501       1  COMRAM  
                smallconst                     002500  000020  002520      1280       0  SMALLCON
                text21                         002520  00061E  002B3E      1290       0  CODE    


UNUSED ADDRESS RANGES

        Name                Unused          Largest block    Delta
        BANK10           000A00-000AFF              100
        BANK11           000B00-000BFF              100
        BANK12           000C00-000CFF              100
        BANK13           000D00-000DFF              100
        BANK14           000E00-000EFF              100
        BANK15           000F00-000FFF              100
        BANK16           001000-0010FF              100
        BANK17           001100-0011FF              100
        BANK18           001200-0012FF              100
        BANK19           001300-0013FF              100
        BANK20           001400-0014FF              100
        BANK21           001500-0015FF              100
        BANK22           001600-0016FF              100
        BANK23           001700-0017FF              100
        BANK24           001800-0018FF              100
        BANK25           001900-0019FF              100
        BANK26           001A00-001AFF              100
        BANK27           001B00-001BFF              100
        BANK28           001C00-001CFF              100
        BANK29           001D00-001DFF              100
        BANK30           001E00-001EFF              100
        BANK31           001F00-001FFF              100
        BANK32           002000-0020FF              100
        BANK33           002100-0021FF              100
        BANK34           002200-0022FF              100
        BANK35           002300-0023FF              100
        BANK36           002400-0024FF              100
        BANK5            000560-0005FF               A0
        BANK6            000600-0006FF              100
        BANK7            000700-0007FF              100
        BANK8            000800-0008FF              100
        BANK9            000900-0009FF              100
        BIGRAM           000520-0024FF             1FE0
        BIGSFR           000000-0004FF              500
                         002500-0025FF              100
        CODE             000004-000007                4
                         00001E-0024FF             24E2
                         002B3E-01FFFF            1D4C2
        COMRAM           000520-00055F               40
        CONFIG           30000A-300011                8
        CONST            000004-000007                4
                         00001E-0024FF             24E2
                         002B3E-01FFFF            1D4C2
        EEDATA           380000-3803FF              400
        MEDIUMCONST      002B3E-00FFFF             D4C2
                         012500-01FFFF             DB00
        RAM              000560-0024FF              100
        SFR              000000-0004FF              100
                         002500-0025FF              100
        SMALLCONST       002B3E-01FFFF              100

                                  Symbol Table

I2C1_AddrTransmit@addr                    cstackCOMRAM 00051A
I2C1_CallbackRegister@callbackHandler     cstackCOMRAM 00051D
I2C1_CounterSet@counter                   cstackCOMRAM 00051A
I2C1_DataTransmit@data                    cstackCOMRAM 00051A
INT0_SetInterruptHandler@InterruptHandler cstackCOMRAM 00051D
INT1_SetInterruptHandler@InterruptHandler cstackCOMRAM 00051D
INT2_SetInterruptHandler@InterruptHandler cstackCOMRAM 00051D
IVTBASEH                                  (abs)        00045E
IVTBASEL                                  (abs)        00045D
IVTBASEU                                  (abs)        00045F
_ACTCON                                   (abs)        0000AC
_ANSELA                                   (abs)        000400
_ANSELB                                   (abs)        000408
_ANSELC                                   (abs)        000410
_ANSELD                                   (abs)        000418
_ANSELE                                   (abs)        000420
_CLOCK_Initialize                         text10       0029AA
_I2C1ADB1                                 (abs)        00028F
_I2C1CLK                                  (abs)        00029C
_I2C1CNT                                  (abs)        00028D
_I2C1CON0                                 (abs)        000294
_I2C1CON0bits                             (abs)        000294
_I2C1CON1                                 (abs)        000295
_I2C1CON1bits                             (abs)        000295
_I2C1CON2                                 (abs)        000296
_I2C1ERR                                  (abs)        000297
_I2C1ERRbits                              (abs)        000297
_I2C1PIE                                  (abs)        00029B
_I2C1PIEbits                              (abs)        00029B
_I2C1PIR                                  (abs)        00029A
_I2C1PIRbits                              (abs)        00029A
_I2C1RXB                                  (abs)        00028B
_I2C1SCLPPS                               (abs)        000271
_I2C1SDAPPS                               (abs)        000270
_I2C1STAT0bits                            (abs)        000298
_I2C1STAT1                                (abs)        000299
_I2C1STAT1bits                            (abs)        000299
_I2C1TXB                                  (abs)        00028C
_I2C1_AddrTransmit                        text19       002AE8
_I2C1_BufferClear                         text38       002B10
_I2C1_BusReset                            text33       0028BE
_I2C1_Callback                            bssCOMRAM    000517
_I2C1_CallbackRegister                    text9        002968
_I2C1_Close                               text20       0028F4
_I2C1_CounterGet                          text26       002B34
_I2C1_CounterSet                          text25       002AFC
_I2C1_DataReceive                         text15       002B22
_I2C1_DataTransmit                        text24       002AF2
_I2C1_DefaultCallback                     text32       002B3C
_I2C1_Deinitialize                        (abs)        000000
_I2C1_ERROR_ISR                           text21       002520
_I2C1_ErrorFlagsClear                     text37       002B06
_I2C1_ErrorGet                            (abs)        000000
_I2C1_Host                                smallconst   002501
_I2C1_ISR                                 text16       002796
_I2C1_Initialize                          text7        002826
_I2C1_InterruptsClear                     text36       002B1A
_I2C1_InterruptsDisable                   text35       002A8C
_I2C1_InterruptsEnable                    text8        002A64
_I2C1_IsAddr                              text31       002A4E
_I2C1_IsBusCol                            text30       002A38
_I2C1_IsBusTimeOut                        text29       002A22
_I2C1_IsBusy                              (abs)        000000
_I2C1_IsData                              text28       002A0C
_I2C1_IsNack                              text27       0029F6
_I2C1_RX_ISR                              text14       0029DE
_I2C1_Read                                (abs)        000000
_I2C1_ReadStart                           text17       00291C
_I2C1_RestartDisable                      text23       002B2E
_I2C1_StartSend                           text18       002B28
_I2C1_StopSend                            text22       002942
_I2C1_TX_ISR                              text13       0029C6
_I2C1_Write                               (abs)        000000
_I2C1_WriteRead                           (abs)        000000
_INLVLA                                   (abs)        000404
_INLVLB                                   (abs)        00040C
_INLVLC                                   (abs)        000414
_INLVLD                                   (abs)        00041C
_INLVLE                                   (abs)        000424
_INT0_DefaultInterruptHandler             (abs)        000000
_INT0_InterruptHandler                    bssCOMRAM    000514
_INT0_SetInterruptHandler                 text6        002ACE
_INT1_DefaultInterruptHandler             (abs)        000000
_INT1_InterruptHandler                    bssCOMRAM    000511
_INT1_SetInterruptHandler                 text5        002AC0
_INT2_DefaultInterruptHandler             (abs)        000000
_INT2_InterruptHandler                    bssCOMRAM    00050E
_INT2_SetInterruptHandler                 text4        002AB2
_INTCON0bits                              (abs)        0004D6
_INTERRUPT_Initialize                     text3        00287E
_INTERRUPT_InterruptManager               text11       0026CC
_IOCAF                                    (abs)        000407
_IOCAN                                    (abs)        000406
_IOCAP                                    (abs)        000405
_IOCBF                                    (abs)        00040F
_IOCBN                                    (abs)        00040E
_IOCBP                                    (abs)        00040D
_IOCCF                                    (abs)        000417
_IOCCN                                    (abs)        000416
_IOCCP                                    (abs)        000415
_IOCEF                                    (abs)        000427
_IOCEN                                    (abs)        000426
_IOCEP                                    (abs)        000425
_LATA                                     (abs)        0004BE
_LATB                                     (abs)        0004BF
_LATC                                     (abs)        0004C0
_LATD                                     (abs)        0004C1
_LATE                                     (abs)        0004C2
_ODCONA                                   (abs)        000402
_ODCONB                                   (abs)        00040A
_ODCONC                                   (abs)        000412
_ODCOND                                   (abs)        00041A
_ODCONE                                   (abs)        000422
_OSCCON1                                  (abs)        0000AD
_OSCCON3                                  (abs)        0000AF
_OSCEN                                    (abs)        0000B3
_OSCFRQ                                   (abs)        0000B1
_OSCTUNE                                  (abs)        0000B0
_PIE0bits                                 (abs)        00049E
_PIE7bits                                 (abs)        0004A5
_PIN_MANAGER_IOC                          text12       002B3A
_PIN_MANAGER_Initialize                   text2        002600
_PIR0bits                                 (abs)        0004AE
_PIR10bits                                (abs)        0004B8
_PIR1bits                                 (abs)        0004AF
_PIR6bits                                 (abs)        0004B4
_PIR7bits                                 (abs)        0004B5
_RB1I2C                                   (abs)        000289
_RB2I2C                                   (abs)        000288
_RC3I2C                                   (abs)        000287
_RC4I2C                                   (abs)        000286
_RC4PPS                                   (abs)        000215
_RC5PPS                                   (abs)        000216
_SLRCONA                                  (abs)        000403
_SLRCONB                                  (abs)        00040B
_SLRCONC                                  (abs)        000413
_SLRCOND                                  (abs)        00041B
_SLRCONE                                  (abs)        000423
_SYSTEM_Initialize                        text1        002AA0
_TRISA                                    (abs)        0004C6
_TRISB                                    (abs)        0004C7
_TRISC                                    (abs)        0004C8
_TRISD                                    (abs)        0004C9
_TRISE                                    (abs)        0004CA
_WPUA                                     (abs)        000401
_WPUB                                     (abs)        000409
_WPUC                                     (abs)        000411
_WPUD                                     (abs)        000419
_WPUE                                     (abs)        000421
__HRAM                                    (abs)        000000
__Habs1                                   abs1         000000
__Hbank10                                 bank10       000000
__Hbank11                                 bank11       000000
__Hbank12                                 bank12       000000
__Hbank13                                 bank13       000000
__Hbank14                                 bank14       000000
__Hbank15                                 bank15       000000
__Hbank16                                 bank16       000000
__Hbank17                                 bank17       000000
__Hbank18                                 bank18       000000
__Hbank19                                 bank19       000000
__Hbank20                                 bank20       000000
__Hbank21                                 bank21       000000
__Hbank22                                 bank22       000000
__Hbank23                                 bank23       000000
__Hbank24                                 bank24       000000
__Hbank25                                 bank25       000000
__Hbank26                                 bank26       000000
__Hbank27                                 bank27       000000
__Hbank28                                 bank28       000000
__Hbank29                                 bank29       000000
__Hbank30                                 bank30       000000
__Hbank31                                 bank31       000000
__Hbank32                                 bank32       000000
__Hbank33                                 bank33       000000
__Hbank34                                 bank34       000000
__Hbank35                                 bank35       000000
__Hbank36                                 bank36       000000
__Hbank5                                  bank5        000000
__Hbank6                                  bank6        000000
__Hbank7                                  bank7        000000
__Hbank8                                  bank8        000000
__Hbank9                                  bank9        000000
__Hbigbss                                 bigbss       000000
__Hbigdata                                bigdata      000000
__Hbigram                                 bigram       000000
__Hbigsfr                                 bigsfr       000000
__Hbss                                    bss          000000
__HbssCOMRAM                              bssCOMRAM    000000
__Hcinit                                  cinit        000000
__Hclrtext                                clrtext      000000
__Hcomram                                 comram       000000
__Hconfig                                 config       30000A
__Hconst                                  const        000000
__HcstackCOMRAM                           cstackCOMRAM 000000
__Hdata                                   data         000000
__Heeprom_data                            eeprom_data  000000
__Hfarbss                                 farbss       000000
__Hfardata                                fardata      000000
__Hheap                                   heap         000000
__Hibigdata                               ibigdata     000000
__Hidata                                  idata        000000
__Hidloc                                  idloc        200040
__Hifardata                               ifardata     000000
__Hinit                                   init         00001E
__Hintsave_regs                           intsave_regs 000000
__Hirdata                                 irdata       000000
__Hivt0x8                                 ivt0x8       00001A
__Hmediumconst                            mediumconst  000000
__HnvFARRAM                               nvFARRAM     000000
__Hnvbit                                  nvbit        000000
__Hnvrram                                 nvrram       000000
__Hparam                                  rparam       000000
__Hpowerup                                powerup      000000
__Hram                                    ram          000000
__Hramtop                                 ramtop       002500
__Hrbit                                   rbit         000000
__Hrbss                                   rbss         000000
__Hrdata                                  rdata        000000
__Hreset_vec                              reset_vec    000004
__Hrparam                                 rparam       000000
__Hsfr                                    sfr          000000
__Hsmallconst                             smallconst   002520
__Hspace_0                                (abs)        002B3E
__Hspace_1                                (abs)        000520
__Hspace_2                                (abs)        000000
__Hspace_4                                (abs)        60000A
__Hstack                                  stack        000000
__Hstruct                                 struct       000000
__Htemp                                   temp         000000
__Htext                                   text         000000
__Htext0                                  text0        000000
__Htext1                                  text1        000000
__Htext10                                 text10       000000
__Htext11                                 text11       000000
__Htext12                                 text12       000000
__Htext13                                 text13       000000
__Htext14                                 text14       000000
__Htext15                                 text15       000000
__Htext16                                 text16       000000
__Htext17                                 text17       000000
__Htext18                                 text18       000000
__Htext19                                 text19       000000
__Htext2                                  text2        000000
__Htext20                                 text20       000000
__Htext21                                 text21       000000
__Htext22                                 text22       000000
__Htext23                                 text23       000000
__Htext24                                 text24       000000
__Htext25                                 text25       000000
__Htext26                                 text26       000000
__Htext27                                 text27       000000
__Htext28                                 text28       000000
__Htext29                                 text29       000000
__Htext3                                  text3        000000
__Htext30                                 text30       000000
__Htext31                                 text31       000000
__Htext32                                 text32       000000
__Htext33                                 text33       000000
__Htext34                                 text34       000000
__Htext35                                 text35       000000
__Htext36                                 text36       000000
__Htext37                                 text37       000000
__Htext38                                 text38       000000
__Htext39                                 text39       000000
__Htext4                                  text4        000000
__Htext5                                  text5        000000
__Htext6                                  text6        000000
__Htext7                                  text7        000000
__Htext8                                  text8        000000
__Htext9                                  text9        000000
__LRAM                                    (abs)        000001
__Labs1                                   abs1         000000
__Lbank10                                 bank10       000000
__Lbank11                                 bank11       000000
__Lbank12                                 bank12       000000
__Lbank13                                 bank13       000000
__Lbank14                                 bank14       000000
__Lbank15                                 bank15       000000
__Lbank16                                 bank16       000000
__Lbank17                                 bank17       000000
__Lbank18                                 bank18       000000
__Lbank19                                 bank19       000000
__Lbank20                                 bank20       000000
__Lbank21                                 bank21       000000
__Lbank22                                 bank22       000000
__Lbank23                                 bank23       000000
__Lbank24                                 bank24       000000
__Lbank25                                 bank25       000000
__Lbank26                                 bank26       000000
__Lbank27                                 bank27       000000
__Lbank28                                 bank28       000000
__Lbank29                                 bank29       000000
__Lbank30                                 bank30       000000
__Lbank31                                 bank31       000000
__Lbank32                                 bank32       000000
__Lbank33                                 bank33       000000
__Lbank34                                 bank34       000000
__Lbank35                                 bank35       000000
__Lbank36                                 bank36       000000
__Lbank5                                  bank5        000000
__Lbank6                                  bank6        000000
__Lbank7                                  bank7        000000
__Lbank8                                  bank8        000000
__Lbank9                                  bank9        000000
__Lbigbss                                 bigbss       000000
__Lbigdata                                bigdata      000000
__Lbigram                                 bigram       000000
__Lbigsfr                                 bigsfr       000000
__Lbss                                    bss          000000
__LbssCOMRAM                              bssCOMRAM    000000
__Lcinit                                  cinit        000000
__Lclrtext                                clrtext      000000
__Lcomram                                 comram       000000
__Lconfig                                 config       000000
__Lconst                                  const        000000
__LcstackCOMRAM                           cstackCOMRAM 000000
__Ldata                                   data         000000
__Leeprom_data                            eeprom_data  000000
__Lfarbss                                 farbss       000000
__Lfardata                                fardata      000000
__Lheap                                   heap         000000
__Libigdata                               ibigdata     000000
__Lidata                                  idata        000000
__Lidloc                                  idloc        000000
__Lifardata                               ifardata     000000
__Linit                                   init         00001A
__Lintsave_regs                           intsave_regs 000000
__Lirdata                                 irdata       000000
__Livt0x8                                 ivt0x8       000008
__Lmediumconst                            mediumconst  000000
__LnvFARRAM                               nvFARRAM     000000
__Lnvbit                                  nvbit        000000
__Lnvrram                                 nvrram       000000
__Lparam                                  rparam       000000
__Lpowerup                                powerup      000000
__Lram                                    ram          000000
__Lramtop                                 ramtop       002500
__Lrbit                                   rbit         000000
__Lrbss                                   rbss         000000
__Lrdata                                  rdata        000000
__Lreset_vec                              reset_vec    000000
__Lrparam                                 rparam       000000
__Lsfr                                    sfr          000000
__Lsmallconst                             smallconst   002500
__Lspace_0                                (abs)        000000
__Lspace_1                                (abs)        000000
__Lspace_2                                (abs)        000000
__Lspace_4                                (abs)        000000
__Lstack                                  stack        000000
__Lstruct                                 struct       000000
__Ltemp                                   temp         000000
__Ltext                                   text         000000
__Ltext0                                  text0        000000
__Ltext1                                  text1        000000
__Ltext10                                 text10       000000
__Ltext11                                 text11       000000
__Ltext12                                 text12       000000
__Ltext13                                 text13       000000
__Ltext14                                 text14       000000
__Ltext15                                 text15       000000
__Ltext16                                 text16       000000
__Ltext17                                 text17       000000
__Ltext18                                 text18       000000
__Ltext19                                 text19       000000
__Ltext2                                  text2        000000
__Ltext20                                 text20       000000
__Ltext21                                 text21       000000
__Ltext22                                 text22       000000
__Ltext23                                 text23       000000
__Ltext24                                 text24       000000
__Ltext25                                 text25       000000
__Ltext26                                 text26       000000
__Ltext27                                 text27       000000
__Ltext28                                 text28       000000
__Ltext29                                 text29       000000
__Ltext3                                  text3        000000
__Ltext30                                 text30       000000
__Ltext31                                 text31       000000
__Ltext32                                 text32       000000
__Ltext33                                 text33       000000
__Ltext34                                 text34       000000
__Ltext35                                 text35       000000
__Ltext36                                 text36       000000
__Ltext37                                 text37       000000
__Ltext38                                 text38       000000
__Ltext39                                 text39       000000
__Ltext4                                  text4        000000
__Ltext5                                  text5        000000
__Ltext6                                  text6        000000
__Ltext7                                  text7        000000
__Ltext8                                  text8        000000
__Ltext9                                  text9        000000
__S0                                      (abs)        002B3E
__S1                                      (abs)        000520
__S4                                      (abs)        000000
__S5                                      (abs)        000000
___heap_hi                                (abs)        000000
___heap_lo                                (abs)        000000
___inthi_sp                               stack        000000
___intlo_sp                               stack        000000
___param_bank                             (abs)        000000
___rparam_used                            (abs)        000001
___sp                                     stack        000000
__accesstop                               (abs)        000560
__activetblptr                            (abs)        000003
__end_of_CLOCK_Initialize                 text10       0029C6
__end_of_I2C1_AddrTransmit                text19       002AF2
__end_of_I2C1_BufferClear                 text38       002B1A
__end_of_I2C1_BusReset                    text33       0028F4
__end_of_I2C1_CallbackRegister            text9        00298A
__end_of_I2C1_Close                       text20       00291C
__end_of_I2C1_CounterGet                  text26       002B3A
__end_of_I2C1_CounterSet                  text25       002B06
__end_of_I2C1_DataReceive                 text15       002B28
__end_of_I2C1_DataTransmit                text24       002AFC
__end_of_I2C1_DefaultCallback             text32       002B3E
__end_of_I2C1_ERROR_ISR                   text21       002600
__end_of_I2C1_ErrorFlagsClear             text37       002B10
__end_of_I2C1_Host                        smallconst   00251F
__end_of_I2C1_ISR                         text16       002826
__end_of_I2C1_Initialize                  text7        00287E
__end_of_I2C1_InterruptsClear             text36       002B22
__end_of_I2C1_InterruptsDisable           text35       002AA0
__end_of_I2C1_InterruptsEnable            text8        002A78
__end_of_I2C1_IsAddr                      text31       002A64
__end_of_I2C1_IsBusCol                    text30       002A4E
__end_of_I2C1_IsBusTimeOut                text29       002A38
__end_of_I2C1_IsData                      text28       002A22
__end_of_I2C1_IsNack                      text27       002A0C
__end_of_I2C1_RX_ISR                      text14       0029F6
__end_of_I2C1_ReadStart                   text17       002942
__end_of_I2C1_RestartDisable              text23       002B34
__end_of_I2C1_StartSend                   text18       002B2E
__end_of_I2C1_StopSend                    text22       002968
__end_of_I2C1_TX_ISR                      text13       0029DE
__end_of_INT0_SetInterruptHandler         text6        002ADC
__end_of_INT1_SetInterruptHandler         text5        002ACE
__end_of_INT2_SetInterruptHandler         text4        002AC0
__end_of_INTERRUPT_Initialize             text3        0028BE
__end_of_INTERRUPT_InterruptManager       text11       002796
__end_of_PIN_MANAGER_IOC                  text12       002B3C
__end_of_PIN_MANAGER_Initialize           text2        0026CC
__end_of_SYSTEM_Initialize                text1        002AB2
__end_of__initialization                  cinit        0029A4
__end_of_main                             text0        002AE8
__end_ofi2_I2C1_InterruptsEnable          text34       002A8C
__initialization                          cinit        00298A
__mediumconst                             mediumconst  000000
__pbssCOMRAM                              bssCOMRAM    000501
__pcinit                                  cinit        00298A
__pcstackCOMRAM                           cstackCOMRAM 00051A
__pivt0x8                                 ivt0x8       000008
__psmallconst                             smallconst   002500
__ptext0                                  text0        002ADC
__ptext1                                  text1        002AA0
__ptext10                                 text10       0029AA
__ptext11                                 text11       0026CC
__ptext12                                 text12       002B3A
__ptext13                                 text13       0029C6
__ptext14                                 text14       0029DE
__ptext15                                 text15       002B22
__ptext16                                 text16       002796
__ptext17                                 text17       00291C
__ptext18                                 text18       002B28
__ptext19                                 text19       002AE8
__ptext2                                  text2        002600
__ptext20                                 text20       0028F4
__ptext21                                 text21       002520
__ptext22                                 text22       002942
__ptext23                                 text23       002B2E
__ptext24                                 text24       002AF2
__ptext25                                 text25       002AFC
__ptext26                                 text26       002B34
__ptext27                                 text27       0029F6
__ptext28                                 text28       002A0C
__ptext29                                 text29       002A22
__ptext3                                  text3        00287E
__ptext30                                 text30       002A38
__ptext31                                 text31       002A4E
__ptext32                                 text32       002B3C
__ptext33                                 text33       0028BE
__ptext34                                 text34       002A78
__ptext35                                 text35       002A8C
__ptext36                                 text36       002B1A
__ptext37                                 text37       002B06
__ptext38                                 text38       002B10
__ptext39                                 text39       000000
__ptext4                                  text4        002AB2
__ptext5                                  text5        002AC0
__ptext6                                  text6        002ACE
__ptext7                                  text7        002826
__ptext8                                  text8        002A64
__ptext9                                  text9        002968
__ramtop                                  ramtop       002500
__smallconst                              smallconst   002500
_i2c1Status                               bssCOMRAM    000501
_main                                     text0        002ADC
end_of_initialization                     cinit        0029A4
i2_I2C1_InterruptsEnable                  text34       002A78
intlevel0                                 text         000000
intlevel1                                 text         000000
intlevel2                                 text         000000
intlevel3                                 text         000000
isa$std                                   (abs)        000001
isa$xinst                                 (abs)        000000
ivt0x8_base                               ivt0x8       000008
stackhi                                   (abs)        000000
stacklo                                   (abs)        000000
start                                     init         00001A
start_initialization                      cinit        00298A


MODULE INFORMATION

Module		Function		Class		Link	Load	Size
mcc_generated_files/system/src/interrupt.c
		_INT0_SetInterruptHandler		CODE           	2ACE	0000	14
		_INT1_SetInterruptHandler		CODE           	2AC0	0000	14
		_INT2_SetInterruptHandler		CODE           	2AB2	0000	14
		_INTERRUPT_Initialize		CODE           	287E	0000	64
		_INTERRUPT_InterruptManager		CODE           	26CC	0000	202

mcc_generated_files/system/src/interrupt.c estimated size: 308

mcc_generated_files/i2c_host/src/i2c1.c
		_I2C1_CallbackRegister		CODE           	2968	0000	34
		_I2C1_RX_ISR   		CODE           	29DE	0000	24
		_I2C1_InterruptsEnable		CODE           	2A64	0000	20
		_I2C1_CounterGet		CODE           	2B34	0000	6
		_I2C1_CounterSet		CODE           	2AFC	0000	10
		_I2C1_ReadStart		CODE           	291C	0000	38
		_I2C1_InterruptsClear		CODE           	2B1A	0000	8
		_I2C1_ISR      		CODE           	2796	0000	144
		_I2C1_DataReceive		CODE           	2B22	0000	6
		_I2C1_IsData   		CODE           	2A0C	0000	22
		_I2C1_IsNack   		CODE           	29F6	0000	22
		_I2C1_IsAddr   		CODE           	2A4E	0000	22
		_I2C1_InterruptsDisable		CODE           	2A8C	0000	20
		_I2C1_BufferClear		CODE           	2B10	0000	10
		_I2C1_BusReset 		CODE           	28BE	0000	54
		_I2C1_Initialize		CODE           	2826	0000	88
		_I2C1_Close    		CODE           	28F4	0000	40
		_I2C1_IsBusCol 		CODE           	2A38	0000	22
		_I2C1_ERROR_ISR		CODE           	2520	0000	224
		_I2C1_ErrorFlagsClear		CODE           	2B06	0000	10
		_I2C1_TX_ISR   		CODE           	29C6	0000	24
		_I2C1_StopSend 		CODE           	2942	0000	38
		_I2C1_RestartDisable		CODE           	2B2E	0000	6
		_I2C1_DataTransmit		CODE           	2AF2	0000	10
		_I2C1_AddrTransmit		CODE           	2AE8	0000	10
		_I2C1_IsBusTimeOut		CODE           	2A22	0000	22
		_I2C1_DefaultCallback		CODE           	2B3C	0000	2
		_I2C1_StartSend		CODE           	2B28	0000	6

mcc_generated_files/i2c_host/src/i2c1.c estimated size: 942

mcc_generated_files/system/src/pins.c
		_PIN_MANAGER_Initialize		CODE           	2600	0000	204
		_PIN_MANAGER_IOC		CODE           	2B3A	0000	2

mcc_generated_files/system/src/pins.c estimated size: 206

shared
		i2_I2C1_InterruptsEnable		CODE           	2A78	0000	20
		__initialization		CODE           	298A	0000	26
		_I2C1_Host     		SMALLCONST     	2501	0000	30

shared estimated size: 76

mcc_generated_files/system/src/clock.c
		_CLOCK_Initialize		CODE           	29AA	0000	28

mcc_generated_files/system/src/clock.c estimated size: 28

main.c
		_main          		CODE           	2ADC	0000	12

main.c estimated size: 12

mcc_generated_files/system/src/system.c
		_SYSTEM_Initialize		CODE           	2AA0	0000	18

mcc_generated_files/system/src/system.c estimated size: 18

